This is pdfTeX, Version 3.141592653-2.6-1.40.27 (TeX Live 2025) (preloaded format=pdflatex 2025.8.9)  18 MAR 2026 09:45
entering extended mode
 restricted \write18 enabled.
 %&-line parsing enabled.
**sn-article.tex
(./sn-article.tex
LaTeX2e <2024-11-01> patch level 2
L3 programming layer <2025-01-18>
(./sn-jnl.cls
Document Class: sn-jnl 2019/11/18 v0.1: An authoring template for Springer Jour
nal articles
(c:/texlive/2025/texmf-dist/tex/latex/base/article.cls
Document Class: article 2024/06/29 v1.4n Standard LaTeX document class
(c:/texlive/2025/texmf-dist/tex/latex/base/fleqn.clo
File: fleqn.clo 2016/12/29 v1.2b Standard LaTeX option (flush left equations)
\mathindent=\skip49
Applying: [2015/01/01] Make \[ robust on input line 50.
LaTeX Info: Redefining \[ on input line 51.
Already applied: [0000/00/00] Make \[ robust on input line 62.
Applying: [2015/01/01] Make \] robust on input line 74.
LaTeX Info: Redefining \] on input line 75.
Already applied: [0000/00/00] Make \] robust on input line 83.
)
(c:/texlive/2025/texmf-dist/tex/latex/base/size10.clo
File: size10.clo 2024/06/29 v1.4n Standard LaTeX file (size option)
)
\c@part=\count196
\c@section=\count197
\c@subsection=\count198
\c@subsubsection=\count199
\c@paragraph=\count266
\c@subparagraph=\count267
\c@figure=\count268
\c@table=\count269
\abovecaptionskip=\skip50
\belowcaptionskip=\skip51
\bibindent=\dimen141
)
LaTeX Info: Redefining \rm on input line 146.
LaTeX Info: Redefining \sf on input line 147.
LaTeX Info: Redefining \tt on input line 148.
LaTeX Info: Redefining \bf on input line 149.
LaTeX Info: Redefining \it on input line 150.
LaTeX Info: Redefining \sl on input line 151.
LaTeX Info: Redefining \sc on input line 152.
LaTeX Info: Redefining \cal on input line 153.
LaTeX Info: Redefining \mit on input line 154.
LaTeX Info: Redefining \textsubscript on input line 212.
\columnhsize=\skip52

(c:/texlive/2025/texmf-dist/tex/latex/geometry/geometry.sty
Package: geometry 2020/01/02 v5.9 Page Geometry

(c:/texlive/2025/texmf-dist/tex/latex/graphics/keyval.sty
Package: keyval 2022/05/29 v1.15 key=value parser (DPC)
\KV@toks@=\toks17
)
(c:/texlive/2025/texmf-dist/tex/generic/iftex/ifvtex.sty
Package: ifvtex 2019/10/25 v1.7 ifvtex legacy package. Use iftex instead.

(c:/texlive/2025/texmf-dist/tex/generic/iftex/iftex.sty
Package: iftex 2024/12/12 v1.0g TeX engine tests
))
\Gm@cnth=\count270
\Gm@cntv=\count271
\c@Gm@tempcnt=\count272
\Gm@bindingoffset=\dimen142
\Gm@wd@mp=\dimen143
\Gm@odd@mp=\dimen144
\Gm@even@mp=\dimen145
\Gm@layoutwidth=\dimen146
\Gm@layoutheight=\dimen147
\Gm@layouthoffset=\dimen148
\Gm@layoutvoffset=\dimen149
\Gm@dimlist=\toks18
)
\artcatbox=\box52
\aucount=\count273
\corraucount=\count274
\punctcount=\count275
\emailcnt=\count276
\c@affn=\count277
\addcount=\count278
\PacsCount=\count279
\PacsTmpCnt=\count280
\FMremarkdim=\dimen150
\fmremarkbox=\box53

(c:/texlive/2025/texmf-dist/tex/latex/sttools/cuted.sty
Package: cuted 2021/10/04 v2.0 Mixing onecolumn and twocolumn modes
\At@ViperColsBreak=\toks19
\preCutedStrip=\toks20
\postCutedStrip=\toks21
\cuted@@tempbox@a=\box54
\cuted@@tempbox@c=\box55
\cuted@@tempbox@var=\box56
\hold@viper=\box57
\@viper=\box58
\cuted@@varbox@a=\box59
\cuted@@varbox@c=\box60
\cuted@@tempdim@spread=\dimen151
\cuted@@tempdim@a=\dimen152
\cuted@@tempdim@b=\dimen153
\ht@hold@viper=\dimen154
\ht@viper=\dimen155
\var@@pagediscards@ht=\dimen156
\stripsep=\skip53
\viper@penalty=\count281
)
\firstpagehtcheck=\dimen157
\labelwidthi=\dimen158
\labelwidthii=\dimen159
\labelwidthiii=\dimen160
\labelwidthiv=\dimen161
\figwidth=\dimen162
\figheight=\dimen163
\sidecapwidth=\dimen164
\wrapcapline=\dimen165
\totalwrapline=\dimen166
\wraptotline=\dimen167
\figurebox=\box61
\wrapfigcapbox=\box62
\figcapbox=\box63
\capbox=\box64
\headwidthskip=\skip54
\tabcapbox=\box65
\temptbox=\box66
\tempdime=\dimen168
\tabhtdime=\dimen169

(c:/texlive/2025/texmf-dist/tex/latex/graphics/rotating.sty
Package: rotating 2016/08/11 v2.16d rotated objects in LaTeX

(c:/texlive/2025/texmf-dist/tex/latex/graphics/graphicx.sty
Package: graphicx 2021/09/16 v1.2d Enhanced LaTeX Graphics (DPC,SPQR)

(c:/texlive/2025/texmf-dist/tex/latex/graphics/graphics.sty
Package: graphics 2024/08/06 v1.4g Standard LaTeX Graphics (DPC,SPQR)

(c:/texlive/2025/texmf-dist/tex/latex/graphics/trig.sty
Package: trig 2023/12/02 v1.11 sin cos tan (DPC)
)
(c:/texlive/2025/texmf-dist/tex/latex/graphics-cfg/graphics.cfg
File: graphics.cfg 2016/06/04 v1.11 sample graphics configuration
)
Package graphics Info: Driver file: pdftex.def on input line 106.

(c:/texlive/2025/texmf-dist/tex/latex/graphics-def/pdftex.def
File: pdftex.def 2024/04/13 v1.2c Graphics/color driver for pdftex
))
\Gin@req@height=\dimen170
\Gin@req@width=\dimen171
)
(c:/texlive/2025/texmf-dist/tex/latex/base/ifthen.sty
Package: ifthen 2024/03/16 v1.1e Standard LaTeX ifthen package (DPC)
)
\c@r@tfl@t=\count282
\rotFPtop=\skip55
\rotFPbot=\skip56
\rot@float@box=\box67
\rot@mess@toks=\toks22
)
(c:/texlive/2025/texmf-dist/tex/latex/threeparttable/threeparttable.sty
Package: threeparttable 2003/06/13  v 3.0
\@tempboxb=\box68
)
(c:/texlive/2025/texmf-dist/tex/latex/appendix/appendix.sty
Package: appendix 2020/02/08 v1.2c extra appendix facilities
\c@@pps=\count283
\c@@ppsavesec=\count284
\c@@ppsaveapp=\count285
)
(c:/texlive/2025/texmf-dist/tex/latex/hyperref/hyperref.sty
Package: hyperref 2024-11-05 v7.01l Hypertext links for LaTeX

(c:/texlive/2025/texmf-dist/tex/latex/kvsetkeys/kvsetkeys.sty
Package: kvsetkeys 2022-10-05 v1.19 Key value parser (HO)
)
(c:/texlive/2025/texmf-dist/tex/generic/kvdefinekeys/kvdefinekeys.sty
Package: kvdefinekeys 2019-12-19 v1.6 Define keys (HO)
)
(c:/texlive/2025/texmf-dist/tex/generic/pdfescape/pdfescape.sty
Package: pdfescape 2019/12/09 v1.15 Implements pdfTeX's escape features (HO)

(c:/texlive/2025/texmf-dist/tex/generic/ltxcmds/ltxcmds.sty
Package: ltxcmds 2023-12-04 v1.26 LaTeX kernel commands for general use (HO)
)
(c:/texlive/2025/texmf-dist/tex/generic/pdftexcmds/pdftexcmds.sty
Package: pdftexcmds 2020-06-27 v0.33 Utility functions of pdfTeX for LuaTeX (HO
)

(c:/texlive/2025/texmf-dist/tex/generic/infwarerr/infwarerr.sty
Package: infwarerr 2019/12/03 v1.5 Providing info/warning/error messages (HO)
)
Package pdftexcmds Info: \pdf@primitive is available.
Package pdftexcmds Info: \pdf@ifprimitive is available.
Package pdftexcmds Info: \pdfdraftmode found.
))
(c:/texlive/2025/texmf-dist/tex/latex/hycolor/hycolor.sty
Package: hycolor 2020-01-27 v1.10 Color options for hyperref/bookmark (HO)
)
(c:/texlive/2025/texmf-dist/tex/latex/hyperref/nameref.sty
Package: nameref 2023-11-26 v2.56 Cross-referencing by name of section

(c:/texlive/2025/texmf-dist/tex/latex/refcount/refcount.sty
Package: refcount 2019/12/15 v3.6 Data extraction from label references (HO)
)
(c:/texlive/2025/texmf-dist/tex/generic/gettitlestring/gettitlestring.sty
Package: gettitlestring 2019/12/15 v1.6 Cleanup title references (HO)

(c:/texlive/2025/texmf-dist/tex/latex/kvoptions/kvoptions.sty
Package: kvoptions 2022-06-15 v3.15 Key value format for package options (HO)
))
\c@section@level=\count286
)
(c:/texlive/2025/texmf-dist/tex/latex/etoolbox/etoolbox.sty
Package: etoolbox 2025/02/11 v2.5l e-TeX tools for LaTeX (JAW)
\etb@tempcnta=\count287
)
(c:/texlive/2025/texmf-dist/tex/generic/stringenc/stringenc.sty
Package: stringenc 2019/11/29 v1.12 Convert strings between diff. encodings (HO
)
)
\@linkdim=\dimen172
\Hy@linkcounter=\count288
\Hy@pagecounter=\count289

(c:/texlive/2025/texmf-dist/tex/latex/hyperref/pd1enc.def
File: pd1enc.def 2024-11-05 v7.01l Hyperref: PDFDocEncoding definition (HO)
Now handling font encoding PD1 ...
... no UTF-8 mapping file for font encoding PD1
)
(c:/texlive/2025/texmf-dist/tex/generic/intcalc/intcalc.sty
Package: intcalc 2019/12/15 v1.3 Expandable calculations with integers (HO)
)
\Hy@SavedSpaceFactor=\count290

(c:/texlive/2025/texmf-dist/tex/latex/hyperref/puenc.def
File: puenc.def 2024-11-05 v7.01l Hyperref: PDF Unicode definition (HO)
Now handling font encoding PU ...
... no UTF-8 mapping file for font encoding PU
)
Package hyperref Info: Hyper figures OFF on input line 4157.
Package hyperref Info: Link nesting OFF on input line 4162.
Package hyperref Info: Hyper index ON on input line 4165.
Package hyperref Info: Plain pages OFF on input line 4172.
Package hyperref Info: Backreferencing OFF on input line 4177.
Package hyperref Info: Implicit mode ON; LaTeX internals redefined.
Package hyperref Info: Bookmarks ON on input line 4424.
\c@Hy@tempcnt=\count291

(c:/texlive/2025/texmf-dist/tex/latex/url/url.sty
\Urlmuskip=\muskip17
Package: url 2013/09/16  ver 3.4  Verb mode for urls, etc.
)
LaTeX Info: Redefining \url on input line 4763.
\XeTeXLinkMargin=\dimen173

(c:/texlive/2025/texmf-dist/tex/generic/bitset/bitset.sty
Package: bitset 2019/12/09 v1.3 Handle bit-vector datatype (HO)

(c:/texlive/2025/texmf-dist/tex/generic/bigintcalc/bigintcalc.sty
Package: bigintcalc 2019/12/15 v1.5 Expandable calculations on big integers (HO
)
))
\Fld@menulength=\count292
\Field@Width=\dimen174
\Fld@charsize=\dimen175
Package hyperref Info: Hyper figures OFF on input line 6042.
Package hyperref Info: Link nesting OFF on input line 6047.
Package hyperref Info: Hyper index ON on input line 6050.
Package hyperref Info: backreferencing OFF on input line 6057.
Package hyperref Info: Link coloring OFF on input line 6062.
Package hyperref Info: Link coloring with OCG OFF on input line 6067.
Package hyperref Info: PDF/A mode OFF on input line 6072.

(c:/texlive/2025/texmf-dist/tex/latex/base/atbegshi-ltx.sty
Package: atbegshi-ltx 2021/01/10 v1.0c Emulation of the original atbegshi
package with kernel methods
)
\Hy@abspage=\count293
\c@Item=\count294
\c@Hfootnote=\count295
)
Package hyperref Info: Driver (autodetected): hpdftex.

(c:/texlive/2025/texmf-dist/tex/latex/hyperref/hpdftex.def
File: hpdftex.def 2024-11-05 v7.01l Hyperref driver for pdfTeX

(c:/texlive/2025/texmf-dist/tex/latex/base/atveryend-ltx.sty
Package: atveryend-ltx 2020/08/19 v1.0a Emulation of the original atveryend pac
kage
with kernel methods
)
\Fld@listcount=\count296
\c@bookmark@seq@number=\count297

(c:/texlive/2025/texmf-dist/tex/latex/rerunfilecheck/rerunfilecheck.sty
Package: rerunfilecheck 2022-07-10 v1.10 Rerun checks for auxiliary files (HO)

(c:/texlive/2025/texmf-dist/tex/generic/uniquecounter/uniquecounter.sty
Package: uniquecounter 2019/12/15 v1.4 Provide unlimited unique counter (HO)
)
Package uniquecounter Info: New unique counter `rerunfilecheck' on input line 2
85.
)
\Hy@SectionHShift=\skip57
)
Package hyperref Info: Option `colorlinks' set `true' on input line 1471.
Package hyperref Info: Option `breaklinks' set `true' on input line 1471.
Package hyperref Info: Option `plainpages' set `false' on input line 1471.
Package hyperref Info: Option `bookmarksopen' set `true' on input line 1471.
Package hyperref Info: Option `bookmarksnumbered' set `false' on input line 147
1.

(c:/texlive/2025/texmf-dist/tex/latex/wrapfig/wrapfig.sty
\wrapoverhang=\dimen176
\WF@size=\dimen177
\c@WF@wrappedlines=\count298
\WF@box=\box69
\WF@everypar=\toks23
Package: wrapfig 2003/01/31  v 3.6
)
\wraplines=\count299
\@authorfigbox=\box70
\@authorfigboxdim=\skip58
\biofigadjskip=\skip59

(c:/texlive/2025/texmf-dist/tex/latex/amscls/amsthm.sty
Package: amsthm 2020/05/29 v2.20.6
\thm@style=\toks24
\thm@bodyfont=\toks25
\thm@headfont=\toks26
\thm@notefont=\toks27
\thm@headpunct=\toks28
\thm@preskip=\skip60
\thm@postskip=\skip61
\thm@headsep=\skip62
\dth@everypar=\toks29
)
(c:/texlive/2025/texmf-dist/tex/latex/base/fix-cm.sty
Package: fix-cm 2020/11/24 v1.1t fixes to LaTeX

(c:/texlive/2025/texmf-dist/tex/latex/base/ts1enc.def
File: ts1enc.def 2001/06/05 v3.0e (jk/car/fm) Standard LaTeX file
LaTeX Font Info:    Redeclaring font encoding TS1 on input line 47.
))
(c:/texlive/2025/texmf-dist/tex/latex/natbib/natbib.sty
Package: natbib 2010/09/13 8.31b (PWD, AO)
\bibhang=\skip63
\bibsep=\skip64
LaTeX Info: Redefining \cite on input line 694.
\c@NAT@ctr=\count300
))
(c:/texlive/2025/texmf-dist/tex/latex/multirow/multirow.sty
Package: multirow 2024/11/12 v2.9 Span multiple rows of a table
\multirow@colwidth=\skip65
\multirow@cntb=\count301
\multirow@dima=\skip66
\bigstrutjot=\dimen178
)
(c:/texlive/2025/texmf-dist/tex/latex/amsmath/amsmath.sty
Package: amsmath 2024/11/05 v2.17t AMS math features
\@mathmargin=\skip67

For additional information on amsmath, use the `?' option.
(c:/texlive/2025/texmf-dist/tex/latex/amsmath/amstext.sty
Package: amstext 2021/08/26 v2.01 AMS text

(c:/texlive/2025/texmf-dist/tex/latex/amsmath/amsgen.sty
File: amsgen.sty 1999/11/30 v2.0 generic functions
\@emptytoks=\toks30
\ex@=\dimen179
))
(c:/texlive/2025/texmf-dist/tex/latex/amsmath/amsbsy.sty
Package: amsbsy 1999/11/29 v1.2d Bold Symbols
\pmbraise@=\dimen180
)
(c:/texlive/2025/texmf-dist/tex/latex/amsmath/amsopn.sty
Package: amsopn 2022/04/08 v2.04 operator names
)
\inf@bad=\count302
LaTeX Info: Redefining \frac on input line 233.
\uproot@=\count303
\leftroot@=\count304
LaTeX Info: Redefining \overline on input line 398.
LaTeX Info: Redefining \colon on input line 409.
\classnum@=\count305
\DOTSCASE@=\count306
LaTeX Info: Redefining \ldots on input line 495.
LaTeX Info: Redefining \dots on input line 498.
LaTeX Info: Redefining \cdots on input line 619.
\Mathstrutbox@=\box71
\strutbox@=\box72
LaTeX Info: Redefining \big on input line 721.
LaTeX Info: Redefining \Big on input line 722.
LaTeX Info: Redefining \bigg on input line 723.
LaTeX Info: Redefining \Bigg on input line 724.
\big@size=\dimen181
LaTeX Font Info:    Redeclaring font encoding OML on input line 742.
LaTeX Font Info:    Redeclaring font encoding OMS on input line 743.
\macc@depth=\count307
LaTeX Info: Redefining \bmod on input line 904.
LaTeX Info: Redefining \pmod on input line 909.
LaTeX Info: Redefining \smash on input line 939.
LaTeX Info: Redefining \relbar on input line 969.
LaTeX Info: Redefining \Relbar on input line 970.
\c@MaxMatrixCols=\count308
\dotsspace@=\muskip18
\c@parentequation=\count309
\dspbrk@lvl=\count310
\tag@help=\toks31
\row@=\count311
\column@=\count312
\maxfields@=\count313
\andhelp@=\toks32
\eqnshift@=\dimen182
\alignsep@=\dimen183
\tagshift@=\dimen184
\tagwidth@=\dimen185
\totwidth@=\dimen186
\lineht@=\dimen187
\@envbody=\toks33
\multlinegap=\skip68
\multlinetaggap=\skip69
\mathdisplay@stack=\toks34
LaTeX Info: Redefining \[ on input line 2953.
LaTeX Info: Redefining \] on input line 2954.
)
(c:/texlive/2025/texmf-dist/tex/latex/amsfonts/amssymb.sty
Package: amssymb 2013/01/14 v3.01 AMS font symbols

(c:/texlive/2025/texmf-dist/tex/latex/amsfonts/amsfonts.sty
Package: amsfonts 2013/01/14 v3.01 Basic AMSFonts support
\symAMSa=\mathgroup4
\symAMSb=\mathgroup5
LaTeX Font Info:    Redeclaring math symbol \hbar on input line 98.
LaTeX Font Info:    Overwriting math alphabet `\mathfrak' in version `bold'
(Font)                  U/euf/m/n --> U/euf/b/n on input line 106.
))
(c:/texlive/2025/texmf-dist/tex/latex/jknapltx/mathrsfs.sty
Package: mathrsfs 1996/01/01 Math RSFS package v1.0 (jk)
\symrsfs=\mathgroup6
)
(c:/texlive/2025/texmf-dist/tex/latex/xcolor/xcolor.sty
Package: xcolor 2024/09/29 v3.02 LaTeX color extensions (UK)

(c:/texlive/2025/texmf-dist/tex/latex/graphics-cfg/color.cfg
File: color.cfg 2016/01/02 v1.6 sample color configuration
)
Package xcolor Info: Driver file: pdftex.def on input line 274.

(c:/texlive/2025/texmf-dist/tex/latex/graphics/mathcolor.ltx)
Package xcolor Info: Model `cmy' substituted by `cmy0' on input line 1349.
Package xcolor Info: Model `hsb' substituted by `rgb' on input line 1353.
Package xcolor Info: Model `RGB' extended on input line 1365.
Package xcolor Info: Model `HTML' substituted by `rgb' on input line 1367.
Package xcolor Info: Model `Hsb' substituted by `hsb' on input line 1368.
Package xcolor Info: Model `tHsb' substituted by `hsb' on input line 1369.
Package xcolor Info: Model `HSB' substituted by `hsb' on input line 1370.
Package xcolor Info: Model `Gray' substituted by `gray' on input line 1371.
Package xcolor Info: Model `wave' substituted by `hsb' on input line 1372.
)
(c:/texlive/2025/texmf-dist/tex/latex/base/textcomp.sty
Package: textcomp 2024/04/24 v2.1b Standard LaTeX package
)
(c:/texlive/2025/texmf-dist/tex/latex/ncctools/manyfoot.sty
Package: manyfoot 2019/08/03 v1.11 Many Footnote Levels Package (NCC)

(c:/texlive/2025/texmf-dist/tex/latex/ncctools/nccfoots.sty
Package: nccfoots 2005/02/03 v1.2 NCC Footnotes Package (NCC)
)
\MFL@columnwidth=\dimen188
)
(c:/texlive/2025/texmf-dist/tex/latex/booktabs/booktabs.sty
Package: booktabs 2020/01/12 v1.61803398 Publication quality tables
\heavyrulewidth=\dimen189
\lightrulewidth=\dimen190
\cmidrulewidth=\dimen191
\belowrulesep=\dimen192
\belowbottomsep=\dimen193
\aboverulesep=\dimen194
\abovetopsep=\dimen195
\cmidrulesep=\dimen196
\cmidrulekern=\dimen197
\defaultaddspace=\dimen198
\@cmidla=\count314
\@cmidlb=\count315
\@aboverulesep=\dimen199
\@belowrulesep=\dimen256
\@thisruleclass=\count316
\@lastruleclass=\count317
\@thisrulewidth=\dimen257
)
(c:/texlive/2025/texmf-dist/tex/latex/algorithms/algorithm.sty
Package: algorithm 2009/08/24 v0.1 Document Style `algorithm' - floating enviro
nment

(c:/texlive/2025/texmf-dist/tex/latex/float/float.sty
Package: float 2001/11/08 v1.3d Float enhancements (AL)
\c@float@type=\count318
\float@exts=\toks35
\float@box=\box73
\@float@everytoks=\toks36
\@floatcapt=\box74
)
\@float@every@algorithm=\toks37
\c@algorithm=\count319
)
(c:/texlive/2025/texmf-dist/tex/latex/algorithmicx/algorithmicx.sty
Package: algorithmicx 2005/04/27 v1.2 Algorithmicx

Document Style algorithmicx 1.2 - a greatly improved `algorithmic' style
\c@ALG@line=\count320
\c@ALG@rem=\count321
\c@ALG@nested=\count322
\ALG@tlm=\skip70
\ALG@thistlm=\skip71
\c@ALG@Lnr=\count323
\c@ALG@blocknr=\count324
\c@ALG@storecount=\count325
\c@ALG@tmpcounter=\count326
\ALG@tmplength=\skip72
) (c:/texlive/2025/texmf-dist/tex/latex/algorithmicx/algpseudocode.sty
Package: algpseudocode 

Document Style - pseudocode environments for use with the `algorithmicx' style
) (c:/texlive/2025/texmf-dist/tex/latex/listings/listings.sty
\lst@mode=\count327
\lst@gtempboxa=\box75
\lst@token=\toks38
\lst@length=\count328
\lst@currlwidth=\dimen258
\lst@column=\count329
\lst@pos=\count330
\lst@lostspace=\dimen259
\lst@width=\dimen260
\lst@newlines=\count331
\lst@lineno=\count332
\lst@maxwidth=\dimen261

(c:/texlive/2025/texmf-dist/tex/latex/listings/lstpatch.sty
File: lstpatch.sty 2024/09/23 1.10c (Carsten Heinz)
)
(c:/texlive/2025/texmf-dist/tex/latex/listings/lstmisc.sty
File: lstmisc.sty 2024/09/23 1.10c (Carsten Heinz)
\c@lstnumber=\count333
\lst@skipnumbers=\count334
\lst@framebox=\box76
)
(c:/texlive/2025/texmf-dist/tex/latex/listings/listings.cfg
File: listings.cfg 2024/09/23 1.10c listings configuration
))
Package: listings 2024/09/23 1.10c (Carsten Heinz)

(c:/texlive/2025/texmf-dist/tex/latex/base/inputenc.sty
Package: inputenc 2024/02/08 v1.3d Input encoding file
\inpenc@prehook=\toks39
\inpenc@posthook=\toks40
)
(c:/texlive/2025/texmf-dist/tex/generic/babel/babel.sty
Package: babel 2025/02/14 v25.4 The multilingual framework for pdfLaTeX, LuaLaT
eX and XeLaTeX
\babel@savecnt=\count335
\U@D=\dimen262
\l@unhyphenated=\language90

(c:/texlive/2025/texmf-dist/tex/generic/babel/txtbabel.def)
\bbl@readstream=\read2
\bbl@dirlevel=\count336

(c:/texlive/2025/texmf-dist/tex/generic/babel-english/english.ldf
Language: english 2017/06/06 v3.3r English support from the babel system
Package babel Info: Hyphen rules for 'canadian' set to \l@english
(babel)             (\language0). Reported on input line 102.
Package babel Info: Hyphen rules for 'australian' set to \l@ukenglish
(babel)             (\language22). Reported on input line 105.
Package babel Info: Hyphen rules for 'newzealand' set to \l@ukenglish
(babel)             (\language22). Reported on input line 108.
))
(c:/texlive/2025/texmf-dist/tex/generic/babel/locale/en/babel-english.tex
Package babel Info: Importing font and identification data for english
(babel)             from babel-en.ini. Reported on input line 11.
)
(c:/texlive/2025/texmf-dist/tex/latex/tools/array.sty
Package: array 2024/10/17 v2.6g Tabular extension package (FMi)
\col@sep=\dimen263
\ar@mcellbox=\box77
\extrarowheight=\dimen264
\NC@list=\toks41
\extratabsurround=\skip73
\backup@length=\skip74
\ar@cellbox=\box78
)
(c:/texlive/2025/texmf-dist/tex/latex/l3backend/l3backend-pdftex.def
File: l3backend-pdftex.def 2024-05-08 L3 backend support: PDF output (pdfTeX)
\l__color_backend_stack_int=\count337
\l__pdf_internal_box=\box79
)
(./sn-article.aux)
\openout1 = `sn-article.aux'.

LaTeX Font Info:    Checking defaults for OML/cmm/m/it on input line 45.
LaTeX Font Info:    ... okay on input line 45.
LaTeX Font Info:    Checking defaults for OMS/cmsy/m/n on input line 45.
LaTeX Font Info:    ... okay on input line 45.
LaTeX Font Info:    Checking defaults for OT1/cmr/m/n on input line 45.
LaTeX Font Info:    ... okay on input line 45.
LaTeX Font Info:    Checking defaults for T1/cmr/m/n on input line 45.
LaTeX Font Info:    ... okay on input line 45.
LaTeX Font Info:    Checking defaults for TS1/cmr/m/n on input line 45.
LaTeX Font Info:    ... okay on input line 45.
LaTeX Font Info:    Checking defaults for OMX/cmex/m/n on input line 45.
LaTeX Font Info:    ... okay on input line 45.
LaTeX Font Info:    Checking defaults for U/cmr/m/n on input line 45.
LaTeX Font Info:    ... okay on input line 45.
LaTeX Font Info:    Checking defaults for PD1/pdf/m/n on input line 45.
LaTeX Font Info:    ... okay on input line 45.
LaTeX Font Info:    Checking defaults for PU/pdf/m/n on input line 45.
LaTeX Font Info:    ... okay on input line 45.

*geometry* driver: auto-detecting
*geometry* detected driver: pdftex
*geometry* verbose mode - [ preamble ] result:
* driver: pdftex
* paper: custom
* layout: <same size as paper>
* layoutoffset:(h,v)=(0.0pt,0.0pt)
* bindingoffset: 17.07164pt
* modes: twoside 
* h-part:(L,W,R)=(83.37448pt, 372.0pt, 125.06175pt)
* v-part:(T,H,B)=(73.97716pt, 552.69478pt, 218.37491pt)
* \paperwidth=597.50787pt
* \paperheight=845.04684pt
* \textwidth=372.0pt
* \textheight=552.69478pt
* \oddsidemargin=28.17613pt
* \evensidemargin=52.79176pt
* \topmargin=-19.72638pt
* \headheight=5.5pt
* \headsep=15.93355pt
* \topskip=10.0pt
* \footskip=28.45274pt
* \marginparwidth=34.1433pt
* \marginparsep=14.22636pt
* \columnsep=14.22636pt
* \skip\footins=8.0pt plus 4.0pt
* \hoffset=0.0pt
* \voffset=0.0pt
* \mag=1000
* \@twocolumnfalse
* \@twosidetrue
* \@mparswitchtrue
* \@reversemargintrue
* (1in=72.27pt=25.4mm, 1cm=28.453pt)

(c:/texlive/2025/texmf-dist/tex/context/base/mkii/supp-pdf.mkii
[Loading MPS to PDF converter (version 2006.09.02).]
\scratchcounter=\count338
\scratchdimen=\dimen265
\scratchbox=\box80
\nofMPsegments=\count339
\nofMParguments=\count340
\everyMPshowfont=\toks42
\MPscratchCnt=\count341
\MPscratchDim=\dimen266
\MPnumerator=\count342
\makeMPintoPDFobject=\count343
\everyMPtoPDFconversion=\toks43
) (c:/texlive/2025/texmf-dist/tex/latex/epstopdf-pkg/epstopdf-base.sty
Package: epstopdf-base 2020-01-24 v2.11 Base part for package epstopdf
Package epstopdf-base Info: Redefining graphics rule for `.eps' on input line 4
85.

(c:/texlive/2025/texmf-dist/tex/latex/latexconfig/epstopdf-sys.cfg
File: epstopdf-sys.cfg 2010/07/13 v1.3 Configuration of (r)epstopdf for TeX Liv
e
))
LaTeX Info: Redefining \S on input line 45.
LaTeX Font Info:    Redeclaring symbol font `AMSa' on input line 45.
LaTeX Font Info:    Overwriting symbol font `AMSa' in version `normal'
(Font)                  U/msa/m/n --> U/msa/m/n on input line 45.
LaTeX Font Info:    Overwriting symbol font `AMSa' in version `bold'
(Font)                  U/msa/m/n --> U/msa/m/n on input line 45.
Package hyperref Info: Link coloring ON on input line 45.

(./sn-article.out) (./sn-article.out)
\@outlinefile=\write3
\openout3 = `sn-article.out'.

\c@lstlisting=\count344
LaTeX Font Info:    Calculating math sizes for size <12.045> on input line 72.
LaTeX Font Info:    Trying to load font information for U+msa on input line 72.


(c:/texlive/2025/texmf-dist/tex/latex/amsfonts/umsa.fd
File: umsa.fd 2013/01/14 v3.01 AMS symbols A
)
LaTeX Font Info:    Trying to load font information for U+msb on input line 72.


(c:/texlive/2025/texmf-dist/tex/latex/amsfonts/umsb.fd
File: umsb.fd 2013/01/14 v3.01 AMS symbols B
)
LaTeX Font Info:    Trying to load font information for U+rsfs on input line 72
.

(c:/texlive/2025/texmf-dist/tex/latex/jknapltx/ursfs.fd
File: ursfs.fd 1998/03/24 rsfs font definition file (jk)
)

LaTeX Font Warning: Font shape `U/rsfs/m/n' in size <8.43146> not available
(Font)              size <8> substituted on input line 72.

LaTeX Font Info:    Calculating math sizes for size <11.04124> on input line 72
.

LaTeX Font Warning: Font shape `U/rsfs/m/n' in size <5.52061> not available
(Font)              size <6> substituted on input line 72.

LaTeX Font Info:    Calculating math sizes for size <10.03749> on input line 72
.



Underfull \vbox (badness 10000) has occurred while \output is active []

 [1

{c:/texlive/2025/texmf-var/fonts/map/pdftex/updmap/pdftex.map}]


Underfull \vbox (badness 10000) has occurred while \output is active []

 [2]


Underfull \vbox (badness 10000) has occurred while \output is active []

 [3]


Underfull \vbox (badness 10000) has occurred while \output is active []

 [4]
<figuras/enriquecimientoDataConsolidatinScreeningFlow.png, id=302, 493.6041pt x
 757.3896pt>
File: figuras/enriquecimientoDataConsolidatinScreeningFlow.png Graphic file (ty
pe png)
<use figuras/enriquecimientoDataConsolidatinScreeningFlow.png>
Package pdftex.def Info: figuras/enriquecimientoDataConsolidatinScreeningFlow.p
ng  used on input line 121.
(pdftex.def)             Requested size: 167.39886pt x 256.86188pt.



Underfull \vbox (badness 10000) has occurred while \output is active []

 [5]


Underfull \vbox (badness 10000) has occurred while \output is active []

 [6
pdfTeX warning (ext4): destination with the same identifier (name{figure.1}) ha
s been already used, duplicate ignored
<argument> ...shipout:D \box_use:N \l_shipout_box 
                                                  \__shipout_drop_firstpage_...
l.135 \subsection
                 {Artificial Intelligence-Assisted Inductive Thematic Analysis}
 <./figuras/enriquecimientoDataConsolidatinScreeningFlow.png>]
<figuras/TemasInductivos.png, id=353, 672.8337pt x 360.6273pt>
File: figuras/TemasInductivos.png Graphic file (type png)
<use figuras/TemasInductivos.png>
Package pdftex.def Info: figuras/TemasInductivos.png  used on input line 144.
(pdftex.def)             Requested size: 241.79773pt x 129.60011pt.
<figuras/traingaulacionVerificacion.png, id=357, 339.669pt x 491.436pt>
File: figuras/traingaulacionVerificacion.png Graphic file (type png)
<use figuras/traingaulacionVerificacion.png>
Package pdftex.def Info: figuras/traingaulacionVerificacion.png  used on input 
line 153.
(pdftex.def)             Requested size: 167.39886pt x 242.2005pt.



Underfull \vbox (badness 10000) has occurred while \output is active []

 [7
pdfTeX warning (ext4): destination with the same identifier (name{figure.2}) ha
s been already used, duplicate ignored
<argument> ...shipout:D \box_use:N \l_shipout_box 
                                                  \__shipout_drop_firstpage_...
l.168 
       <./figuras/TemasInductivos.png>]
<figuras/temporal_trends.png, id=372, 711.1368pt x 349.7868pt>
File: figuras/temporal_trends.png Graphic file (type png)
<use figuras/temporal_trends.png>
Package pdftex.def Info: figuras/temporal_trends.png  used on input line 171.
(pdftex.def)             Requested size: 372.0pt x 182.97365pt.



Underfull \vbox (badness 10000) has occurred while \output is active []

 [8
pdfTeX warning (ext4): destination with the same identifier (name{figure.3}) ha
s been already used, duplicate ignored
<argument> ...shipout:D \box_use:N \l_shipout_box 
                                                  \__shipout_drop_firstpage_...
l.177 
       <./figuras/traingaulacionVerificacion.png>]
LaTeX Font Info:    Calculating math sizes for size <8.03> on input line 182.


LaTeX Font Warning: Font shape `U/rsfs/m/n' in size <4.015> not available
(Font)              size <5> substituted on input line 182.


Underfull \hbox (badness 1215) in paragraph at lines 187--187
[]|[][]\OT1/cmr/m/n/8.03 Boldureanu et al.[][]
 []


Underfull \hbox (badness 10000) in paragraph at lines 187--187
[]|\OT1/cmr/m/n/8.03 Entrepreneurship ed-u-ca-
 []


Underfull \hbox (badness 10000) in paragraph at lines 187--187
\OT1/cmr/m/n/8.03 tion through suc-cess-ful
 []


Underfull \hbox (badness 5893) in paragraph at lines 189--189
[]|\OT1/cmr/m/n/8.03 Routledge Hand-book of
 []


Underfull \hbox (badness 2717) in paragraph at lines 190--190
[]|[][]\OT1/cmr/m/n/8.03 B. Franco et al.[][]
 []


Underfull \hbox (badness 10000) in paragraph at lines 190--190
[]|\OT1/cmr/m/it/8.03 Sustainability Sci-
 []


Underfull \hbox (badness 1163) in paragraph at lines 191--191
[]|\OT1/cmr/m/n/8.03 Identifying and over-com-
 []


Underfull \hbox (badness 4156) in paragraph at lines 191--191
[]|\OT1/cmr/m/it/8.03 J. In-tegr. En-v-i-ron.
 []


Underfull \hbox (badness 10000) in paragraph at lines 192--192
[]|[][]\OT1/cmr/m/n/8.03 Albareda-Tiana
 []


Underfull \hbox (badness 10000) in paragraph at lines 193--193
[]|\OT1/cmr/m/n/8.03 Sustainability lead-er-ship
 []


Underfull \hbox (badness 10000) in paragraph at lines 194--194
[]|[][]\OT1/cmr/m/n/8.03 Ferguson and
 []


Underfull \hbox (badness 1043) in paragraph at lines 195--195
[]|[][]\OT1/cmr/m/n/8.03 Al-Naqbi and Al-
 []




Underfull \vbox (badness 10000) has occurred while \output is active []

 [9
pdfTeX warning (ext4): destination with the same identifier (name{figure.4}) ha
s been already used, duplicate ignored
<argument> ...shipout:D \box_use:N \l_shipout_box 
                                                  \__shipout_drop_firstpage_...
l.208 
       <./figuras/temporal_trends.png>]
<figuras/coauthorship_countries.png, id=417, 1258.7025pt x 776.9025pt>
File: figuras/coauthorship_countries.png Graphic file (type png)
<use figuras/coauthorship_countries.png>
Package pdftex.def Info: figuras/coauthorship_countries.png  used on input line
 211.
(pdftex.def)             Requested size: 372.0pt x 229.59915pt.



Underfull \vbox (badness 10000) has occurred while \output is active []

 [10
pdfTeX warning (ext4): destination with the same identifier (name{table.1}) has
 been already used, duplicate ignored
<argument> ...shipout:D \box_use:N \l_shipout_box 
                                                  \__shipout_drop_firstpage_...
l.219 
      ]


Underfull \vbox (badness 10000) has occurred while \output is active []

 [11
pdfTeX warning (ext4): destination with the same identifier (name{figure.5}) ha
s been already used, duplicate ignored
<argument> ...shipout:D \box_use:N \l_shipout_box 
                                                  \__shipout_drop_firstpage_...
l.249 
       <./figuras/coauthorship_countries.png>]
<figuras/cocitation.png, id=442, 1095.3422pt x 785.93625pt>
File: figuras/cocitation.png Graphic file (type png)
<use figuras/cocitation.png>
Package pdftex.def Info: figuras/cocitation.png  used on input line 266.
(pdftex.def)             Requested size: 372.0pt x 266.91498pt.



Underfull \vbox (badness 10000) has occurred while \output is active []

 [12
pdfTeX warning (ext4): destination with the same identifier (name{table.2}) has
 been already used, duplicate ignored
<argument> ...shipout:D \box_use:N \l_shipout_box 
                                                  \__shipout_drop_firstpage_...
l.269 \end{figure}
                  ]


Underfull \vbox (badness 10000) has occurred while \output is active []

 [13
pdfTeX warning (ext4): destination with the same identifier (name{figure.6}) ha
s been already used, duplicate ignored
<argument> ...shipout:D \box_use:N \l_shipout_box 
                                                  \__shipout_drop_firstpage_...
l.276 
       <./figuras/cocitation.png>]
<figuras/keyword_cooccurrence.png, id=476, 946.28531pt x 788.9475pt>
File: figuras/keyword_cooccurrence.png Graphic file (type png)
<use figuras/keyword_cooccurrence.png>
Package pdftex.def Info: figuras/keyword_cooccurrence.png  used on input line 2
79.
(pdftex.def)             Requested size: 372.0pt x 310.1441pt.



Underfull \vbox (badness 10000) has occurred while \output is active []

 [14
pdfTeX warning (ext4): destination with the same identifier (name{figure.7}) ha
s been already used, duplicate ignored
<argument> ...shipout:D \box_use:N \l_shipout_box 
                                                  \__shipout_drop_firstpage_...
l.290 ...ucation, Teaching, and Student Behavior)}
                                                   features \textit{educatio...
 <./figuras/keyword_cooccurrence.png>]
Underfull \hbox (badness 1270) in paragraph at lines 304--305
[]\OT1/cmr/m/n/10 This frag-mented col-lab-o-ra-tion struc-ture, while in-dica-
tive of a di-verse and
 []


Underfull \hbox (badness 1881) in paragraph at lines 304--305
\OT1/cmr/m/n/10 dis-tributed re-search com-mu-nity, also sig-nals lim-ited cros
s-regional and cross-
 []




Underfull \vbox (badness 10000) has occurred while \output is active []

 [15]


Underfull \vbox (badness 10000) has occurred while \output is active []

 [16
pdfTeX warning (ext4): destination with the same identifier (name{table.3}) has
 been already used, duplicate ignored
<argument> ...shipout:D \box_use:N \l_shipout_box 
                                                  \__shipout_drop_firstpage_...
l.357 T
       he research focus distribution (Table~\ref{tab:research_focus}) revea...
]


Underfull \vbox (badness 10000) has occurred while \output is active []

 [17
pdfTeX warning (ext4): destination with the same identifier (name{table.4}) has
 been already used, duplicate ignored
<argument> ...shipout:D \box_use:N \l_shipout_box 
                                                  \__shipout_drop_firstpage_...
l.382 \subsection
                 {Inductive Thematic Synthesis}
pdfTeX warning (ext4): destination with the same identifier (name{table.5}) has
 been already used, duplicate ignored
<argument> ...shipout:D \box_use:N \l_shipout_box 
                                                  \__shipout_drop_firstpage_...
l.382 \subsection
                 {Inductive Thematic Synthesis}]
Overfull \hbox (20.18143pt too wide) in paragraph at lines 391--392
[]|\OT1/cmr/bx/n/8.03 Robustness| 
 []


Underfull \hbox (badness 2617) in paragraph at lines 394--394
[]|\OT1/cmr/m/n/8.03 (a) Stu-dent en-gage-ment through ex-pe-ri-en-tial
 []


Underfull \hbox (badness 1728) in paragraph at lines 395--395
[]|\OT1/cmr/m/n/8.03 3. In-sti-tu-tional and Fac-ulty
 []


Underfull \hbox (badness 10000) in alignment at lines 389--399
[][][] 
 []




Underfull \vbox (badness 10000) has occurred while \output is active []

 [18
pdfTeX warning (ext4): destination with the same identifier (name{table.6}) has
 been already used, duplicate ignored
<argument> ...shipout:D \box_use:N \l_shipout_box 
                                                  \__shipout_drop_firstpage_...
l.405 
      ]
Underfull \hbox (badness 1533) in paragraph at lines 425--425
[]|\OT1/cmr/m/n/8.03 Scalability across ge-o-graphic and in-sti-tu-
 []




Underfull \vbox (badness 10000) has occurred while \output is active []

 [19
pdfTeX warning (ext4): destination with the same identifier (name{table.7}) has
 been already used, duplicate ignored
<argument> ...shipout:D \box_use:N \l_shipout_box 
                                                  \__shipout_drop_firstpage_...
l.432 
      ]
<figuras/coverage_methods_concepts.png, id=609, 518.8986pt x 381.5856pt>
File: figuras/coverage_methods_concepts.png Graphic file (type png)
<use figuras/coverage_methods_concepts.png>
Package pdftex.def Info: figuras/coverage_methods_concepts.png  used on input l
ine 435.
(pdftex.def)             Requested size: 372.0pt x 273.57109pt.



Underfull \vbox (badness 10000) has occurred while \output is active []

 [20
pdfTeX warning (ext4): destination with the same identifier (name{figure.8}) ha
s been already used, duplicate ignored
<argument> ...shipout:D \box_use:N \l_shipout_box 
                                                  \__shipout_drop_firstpage_...
l.441 
       <./figuras/coverage_methods_concepts.png>]


Underfull \vbox (badness 10000) has occurred while \output is active []

 [21]


Underfull \vbox (badness 10000) has occurred while \output is active []

 [22]


Underfull \vbox (badness 10000) has occurred while \output is active []

 [23]


Underfull \vbox (badness 10000) has occurred while \output is active []

 [24]


Underfull \vbox (badness 10000) has occurred while \output is active []

 [25]

Package hyperref Warning: Difference (3) between bookmark levels is greater 
(hyperref)                than one, level fixed on input line 510.


Package hyperref Warning: Difference (2) between bookmark levels is greater 
(hyperref)                than one, level fixed on input line 514.

(./sn-article.bbl
Underfull \hbox (badness 3199) in paragraph at lines 11--16
[]\OT1/cmr/m/n/10 Abdullahi A, Hus-sein H, Ahmed M, et al (2024) The im-pact of
 ed-u-ca-
 []


Underfull \hbox (badness 10000) in paragraph at lines 11--16
\OT1/cmr/m/n/10 tion for sus-tain-able de-vel-op-ment on uni-ver-sity stu-dents
' sus-tain-abil-ity
 []


Underfull \hbox (badness 1895) in paragraph at lines 11--16
\OT1/cmr/m/n/10 be-hav-ior: a case study from un-der-grad-u-ate stu-dents in So
-ma-lia. Fron-tiers
 []


Underfull \hbox (badness 10000) in paragraph at lines 11--16
\OT1/cmr/m/n/10 in Ed-u-ca-tion 9. [][]$https : / / doi . org / 10 . 3389 / fed
uc . 2024 . 1413687$[][], URL [][]$https :
 []


Underfull \hbox (badness 10000) in paragraph at lines 11--16
\OT1/cmr/m/n/10 / / www . scopus . com / inward / record . uri ? eid = 2-[]s2 .
 0-[]85207462793 & doi = 10 . 3389 %
 []


Underfull \hbox (badness 3895) in paragraph at lines 19--24
\OT1/cmr/m/n/10 bia. Sus-tain-abil-ity (Switzer-land) 14(16). [][]$https : / / 
doi . org / 10 . 3390 / su14169866$[][],
 []


Underfull \hbox (badness 10000) in paragraph at lines 19--24
\OT1/cmr/m/n/10 URL [][]$https : / / www . scopus . com / inward / record . uri
 ? eid = 2-[]s2 . 0-[]85137713546 & doi =
 []




Underfull \vbox (badness 10000) has occurred while \output is active []

 [26{c:/texlive/2025/texmf-dist/fonts/enc/dvips/cm-super/cm-super-ts1.enc}]
Underfull \hbox (badness 10000) in paragraph at lines 42--47
[][]$\OT1/cmr/m/n/10 https : / / doi . org / 10 . 3390 / su152316460$[][], URL 
[][]$https : / / www . scopus . com / inward /
 []


Underfull \hbox (badness 10000) in paragraph at lines 42--47
\OT1/cmr/m/n/10 record . uri ? eid = 2-[]s2 . 0-[]85190360800 & doi = 10 . 3390
 % 2Fsu152316460 & partnerID =
 []


Underfull \hbox (badness 2932) in paragraph at lines 56--61
\OT1/cmr/m/n/10 / / doi . org / 10 . 1108 / IJSHE-[]06-[]2017-[]0091$[][], URL 
[][]$https : / / www . scopus . com / inward /
 []


Underfull \hbox (badness 10000) in paragraph at lines 56--61
\OT1/cmr/m/n/10 record . uri ? eid = 2-[]s2 . 0-[]85040113788 & doi = 10 . 1108
 % 2FIJSHE-[]06-[]2017-[]0091 &
 []


Underfull \hbox (badness 10000) in paragraph at lines 76--81
\OT1/cmr/m/n/10 IJSHE-[]05-[]2017-[]0069$[][], URL [][]$https : / / www . scopu
s . com / inward / record . uri ? eid =
 []


Underfull \hbox (badness 10000) in paragraph at lines 76--81
\OT1/cmr/m/n/10 2-[]s2 . 0-[]85040467798 & doi = 10 . 1108 % 2FIJSHE-[]05-[]201
7-[]0069 & partnerID = 40 & md5 =
 []




Underfull \vbox (badness 10000) has occurred while \output is active []

 [27]
Underfull \hbox (badness 3568) in paragraph at lines 104--109
[]\OT1/cmr/m/n/10 Ariza J, Olatunde-Aiyedun T (2023) Bring-ing Project-Based Le
arn-ing into
 []


Underfull \hbox (badness 1859) in paragraph at lines 104--109
\OT1/cmr/m/n/10 op-ment of the Elec-tric Ve-hi-cle EOLO. Sus-tain-abil-ity (Swi
tzer-land) 15(13).
 []


Underfull \hbox (badness 10000) in paragraph at lines 104--109
[][]$\OT1/cmr/m/n/10 https : / / doi . org / 10 . 3390 / su151310275$[][], URL 
[][]$https : / / www . scopus . com / inward /
 []


Underfull \hbox (badness 10000) in paragraph at lines 104--109
\OT1/cmr/m/n/10 record . uri ? eid = 2-[]s2 . 0-[]85165024372 & doi = 10 . 3390
 % 2Fsu151310275 & partnerID =
 []


Underfull \hbox (badness 10000) in paragraph at lines 130--134
\OT1/cmr/m/n/10 / / www . scopus . com / inward / record . uri ? eid = 2-[]s2 .
 0-[]85053611788 & doi = 10 . 1007 %
 []


Underfull \hbox (badness 1838) in paragraph at lines 144--148
\OT1/cmr/m/n/10 Sus-tain-abil-ity (Switzer-land) 12(19). [][]$https : / / doi .
 org / 10 . 3390 / su12198169$[][], URL
 []


Underfull \hbox (badness 10000) in paragraph at lines 144--148
[][]$\OT1/cmr/m/n/10 https : / / www . scopus . com / inward / record . uri ? e
id = 2-[]s2 . 0-[]85092628199 & doi = 10 .
 []


Underfull \hbox (badness 7168) in paragraph at lines 151--156
\OT1/cmr/m/n/10 with the Other SDGs|Teaching Food Se-cu-rity and the SDGs In-te
r-
 []


Underfull \hbox (badness 10000) in paragraph at lines 151--156
\OT1/cmr/m/n/10 de-pen-den-cies in Higher Ed-u-ca-tion. Sus-tain-abil-ity (Swit
zer-land) 17(16).
 []


Underfull \hbox (badness 10000) in paragraph at lines 151--156
[][]$\OT1/cmr/m/n/10 https : / / doi . org / 10 . 3390 / su17167496$[][], URL [
][]$https : / / www . scopus . com / inward /
 []


Underfull \hbox (badness 10000) in paragraph at lines 151--156
\OT1/cmr/m/n/10 record . uri ? eid = 2-[]s2 . 0-[]105014293472 & doi = 10 . 339
0 % 2Fsu17167496 & partnerID =
 []




Underfull \vbox (badness 10000) has occurred while \output is active []

 [28]
Underfull \hbox (badness 1975) in paragraph at lines 173--181
[]\OT1/cmr/m/n/10 Barth M, Michelsen G, Rieck-mann M, et al (2015) ROUT-LEDGE H
AND-
 []


Underfull \hbox (badness 6188) in paragraph at lines 173--181
\OT1/cmr/m/n/10 Rout-ledge Hand-book of Higher Ed-u-ca-tion for Sus-tain-able D
e-vel-op-ment,
 []


Underfull \hbox (badness 10000) in paragraph at lines 173--181
\OT1/cmr/m/n/10 Tay-lor and Fran-cis, [][]$https : / / doi . org / 10 . 4324 / 
9781315852249$[][], URL [][]$https :
 []


Underfull \hbox (badness 10000) in paragraph at lines 173--181
\OT1/cmr/m/n/10 / / www . scopus . com / inward / record . uri ? eid = 2-[]s2 .
 0-[]85145149183 & doi = 10 . 4324 %
 []


Underfull \hbox (badness 10000) in paragraph at lines 173--181
\OT1/cmr/m/n/10 2F9781315852249 & partnerID = 40 & md5 = 0436026ee4f3799107f93
3d443abcd$[][],
 []


Underfull \hbox (badness 10000) in paragraph at lines 204--208
\OT1/cmr/m/n/10 / / www . scopus . com / inward / record . uri ? eid = 2-[]s2 .
 0-[]85039861766 & doi = 10 . 1108 %
 []




Underfull \vbox (badness 10000) has occurred while \output is active []

 [29]
Underfull \hbox (badness 1590) in paragraph at lines 211--217
\OT1/cmr/m/n/10 abil-ity in den-tistry among un-der-grad-u-ate stu-dents at Fac
-ulty of Den-tistry
 []


Underfull \hbox (badness 2608) in paragraph at lines 211--217
\OT1/cmr/m/n/10 in Egypt: an in-ter-ven-tional study. BMC Med-i-cal Ed-u-ca-tio
n 26(1). [][]$https :
 []


Underfull \hbox (badness 10000) in paragraph at lines 211--217
\OT1/cmr/m/n/10 / / doi . org / 10 . 1186 / s12909-[]025-[]08137-[]z$[][], URL 
[][]$https : / / www . scopus . com / inward /
 []


Underfull \hbox (badness 10000) in paragraph at lines 211--217
\OT1/cmr/m/n/10 record . uri ? eid = 2-[]s2 . 0-[]105028859183 & doi = 10 . 118
6 % 2Fs12909-[]025-[]08137-[]z &
 []


Underfull \hbox (badness 2856) in paragraph at lines 220--224
\OT1/cmr/m/n/10 through suc-cess-ful en-trepreneurial mod-els in higher ed-u-ca
-tion in-sti-tu-tions.
 []


Underfull \hbox (badness 3895) in paragraph at lines 220--224
\OT1/cmr/m/n/10 Sus-tain-abil-ity (Switzer-land) 12(3). [][]$https : / / doi . 
org / 10 . 3390 / su12031267$[][], URL
 []


Underfull \hbox (badness 10000) in paragraph at lines 220--224
[][]$\OT1/cmr/m/n/10 https : / / www . scopus . com / inward / record . uri ? e
id = 2-[]s2 . 0-[]85081284284 & doi = 10 .
 []


Underfull \hbox (badness 7869) in paragraph at lines 232--236
[]\OT1/cmr/m/n/10 Brassler M (2025) In-ter-dis-ci-plinary learn-ing for cor-po-
rate so-cial re-spon-
 []


Underfull \hbox (badness 10000) in paragraph at lines 232--236
\OT1/cmr/m/n/10 si-bil-ity and sus-tain-abil-ity across busi-ness and psy-chol-
ogy. Dis-cover
 []


Underfull \hbox (badness 5431) in paragraph at lines 232--236
\OT1/cmr/m/n/10 Sus-tain-abil-ity 6(1). [][]$https : / / doi . org / 10 . 1007 
/ s43621-[]025-[]02078-[]9$[][], URL [][]$https :
 []


Underfull \hbox (badness 10000) in paragraph at lines 232--236
\OT1/cmr/m/n/10 / / www . scopus . com / inward / record . uri ? eid = 2-[]s2 .
 0-[]105019395743 & doi = 10 . 1007 %
 []


Underfull \hbox (badness 10000) in paragraph at lines 238--243
\OT1/cmr/m/n/10 URL [][]$https : / / www . scopus . com / inward / record . uri
 ? eid = 2-[]s2 . 0-[]85100159182 & doi =
 []


Underfull \hbox (badness 2401) in paragraph at lines 245--250
[]\OT1/cmr/m/n/10 Brassler M, Sprenger S (2021) Fos-ter-ing sus-tain-abil-ity k
nowl-edge, at-ti-tudes,
 []


Underfull \hbox (badness 3536) in paragraph at lines 245--250
\OT1/cmr/m/n/10 and be-haviours through a tutor-supported in-ter-dis-ci-plinary
 course in ed-
 []


Underfull \hbox (badness 10000) in paragraph at lines 245--250
\OT1/cmr/m/n/10 u-ca-tion for sus-tain-able de-vel-op-ment. Sus-tain-abil-ity (
Switzer-land) 13(6).
 []


Underfull \hbox (badness 10000) in paragraph at lines 245--250
[][]$\OT1/cmr/m/n/10 https : / / doi . org / 10 . 3390 / su13063494$[][], URL [
][]$https : / / www . scopus . com / inward /
 []


Underfull \hbox (badness 10000) in paragraph at lines 245--250
\OT1/cmr/m/n/10 record . uri ? eid = 2-[]s2 . 0-[]85103118283 & doi = 10 . 3390
 % 2Fsu13063494 & partnerID = 40 &
 []


Underfull \hbox (badness 6268) in paragraph at lines 252--256
\OT1/cmr/m/n/10 u-ca-tion in-sti-tu-tions. Sus-tain-abil-ity (Switzer-land) 12(
8). [][]$https : / / doi . org / 10 .
 []


Underfull \hbox (badness 10000) in paragraph at lines 252--256
\OT1/cmr/m/n/10 3390 / SU12083433$[][], URL [][]$https : / / www . scopus . com
 / inward / record . uri ? eid =
 []


Underfull \hbox (badness 10000) in paragraph at lines 252--256
\OT1/cmr/m/n/10 2-[]s2 . 0-[]85084677586 & doi = 10 . 3390 % 2FSU12083433 & par
tnerID = 40 & md5 =
 []




Underfull \vbox (badness 10000) has occurred while \output is active []

 [30]
Underfull \hbox (badness 2538) in paragraph at lines 273--278
\OT1/cmr/m/n/10 lec-tive Skill For-ma-tion Sys-tems: A Nat-u-ral Lan-guage Pro-
cess-ing Anal-y-sis
 []


Underfull \hbox (badness 1895) in paragraph at lines 273--278
\OT1/cmr/m/n/10 of Dan-ish Vo-ca-tional Ed-u-ca-tion and Train-ing. Reg-u-la-ti
on and Gov-er-nance
 []


Underfull \hbox (badness 10000) in paragraph at lines 273--278
\OT1/cmr/m/n/10 uri ? eid = 2-[]s2 . 0-[]105021101352 & doi = 10 . 1111 % 2Freg
o . 70097 & partnerID = 40 & md5 =
 []


Underfull \hbox (badness 10000) in paragraph at lines 280--284
[]\OT1/cmr/m/n/10 Cebri^^San G, Jun-yent M (2015) Com-pe-ten-cies in ed-u-ca-ti
on for sus-tain-
 []


Underfull \hbox (badness 7685) in paragraph at lines 280--284
\OT1/cmr/m/n/10 able de-vel-op-ment: Ex-plor-ing the stu-dent teach-ers' views.
 Sus-tain-abil-ity
 []


Underfull \hbox (badness 10000) in paragraph at lines 280--284
\OT1/cmr/m/n/10 (Switzer-land) 7(3):2768--2786. [][]$https : / / doi . org / 10
 . 3390 / su7032768$[][], URL
 []


Underfull \hbox (badness 10000) in paragraph at lines 280--284
[][]$\OT1/cmr/m/n/10 https : / / www . scopus . com / inward / record . uri ? e
id = 2-[]s2 . 0-[]84926360258 & doi = 10 .
 []


Underfull \hbox (badness 1924) in paragraph at lines 293--299
[]\OT1/cmr/m/n/10 Collado S, Moreno P^^Serez J, LU-CAS J (2022) In-no-va-tion f
or en-vi-ron-men-tal
 []


Underfull \hbox (badness 2221) in paragraph at lines 293--299
\OT1/cmr/m/n/10 sus-tain-abil-ity: lon-gi-tu-di-nal ef-fects of an ed-u-ca-tion
 for sus-tain-able de-vel-op-
 []


Underfull \hbox (badness 10000) in paragraph at lines 293--299
\OT1/cmr/m/n/10 Jour-nal of Sus-tain-abil-ity in Higher Ed-u-ca-tion 23(6):1277
--1293. [][]$https :
 []


Underfull \hbox (badness 2932) in paragraph at lines 293--299
\OT1/cmr/m/n/10 / / doi . org / 10 . 1108 / IJSHE-[]07-[]2021-[]0315$[][], URL 
[][]$https : / / www . scopus . com / inward /
 []


Underfull \hbox (badness 10000) in paragraph at lines 293--299
\OT1/cmr/m/n/10 record . uri ? eid = 2-[]s2 . 0-[]85121369015 & doi = 10 . 1108
 % 2FIJSHE-[]07-[]2021-[]0315 &
 []


Underfull \hbox (badness 10000) in paragraph at lines 316--321
\OT1/cmr/m/n/10 record . uri ? eid = 2-[]s2 . 0-[]85067075107 & doi = 10 . 1108
 % 2FSAMPJ-[]05-[]2018-[]0152 &
 []




Underfull \vbox (badness 10000) has occurred while \output is active []

 [31]
Underfull \hbox (badness 10000) in paragraph at lines 324--331
\OT1/cmr/m/n/10 / / www . scopus . com / inward / record . uri ? eid = 2-[]s2 .
 0-[]85128365971 & doi = 10 . 4995 %
 []


Underfull \hbox (badness 10000) in paragraph at lines 324--331
\OT1/cmr/m/n/10 2FHEAd21 . 2021 . 13192 & partnerID = 40 & md5 = 1f2dfcc2a333d3
8355126fd81ce987b4$[][],
 []


Underfull \hbox (badness 1661) in paragraph at lines 334--339
\OT1/cmr/m/n/10 al-ity and Game-Based Learn-ing for Sci-ence Teach-ing in Highe
r Ed-u-ca-tion
 []


Underfull \hbox (badness 10000) in paragraph at lines 334--339
\OT1/cmr/m/n/10 in the Con-text of Ed-u-ca-tion for Sus-tain-able De-vel-op-men
t. Sus-tain-
 []


Underfull \hbox (badness 10000) in paragraph at lines 334--339
\OT1/cmr/m/n/10 abil-ity (Switzer-land) 15(21). [][]$https : / / doi . org / 10
 . 3390 / su152115313$[][], URL
 []


Underfull \hbox (badness 10000) in paragraph at lines 334--339
[][]$\OT1/cmr/m/n/10 https : / / www . scopus . com / inward / record . uri ? e
id = 2-[]s2 . 0-[]85198452150 & doi = 10 .
 []


Underfull \hbox (badness 2980) in paragraph at lines 379--384
\OT1/cmr/m/n/10 sur-ing and car-ing about par-tic-i-pa-tion in higher ed-u-ca-t
ion's sus-tain-abil-ity
 []


Underfull \hbox (badness 10000) in paragraph at lines 379--384
\OT1/cmr/m/n/10 as-sess-ment. Eco-log-i-cal In-di-ca-tors 63:172--186. [][]$htt
ps : / / doi . org / 10 . 1016 / j .
 []


Underfull \hbox (badness 3758) in paragraph at lines 379--384
\OT1/cmr/m/n/10 ecolind . 2015 . 11 . 057$[][], URL [][]$https : / / www . scop
us . com / inward / record . uri ? eid = 2-[]s2 .
 []


Underfull \hbox (badness 10000) in paragraph at lines 379--384
\OT1/cmr/m/n/10 0-[]84951272057 & doi = 10 . 1016 % 2Fj . ecolind . 2015 . 11 .
 057 & partnerID = 40 & md5 =
 []




Underfull \vbox (badness 10000) has occurred while \output is active []

 [32]
Underfull \hbox (badness 3168) in paragraph at lines 387--392
[]\OT1/cmr/m/n/10 Du X, Guerra A, Nor-gaard B, et al (2022) Uni-ver-sity Teach-
ers' Change
 []


Underfull \hbox (badness 10000) in paragraph at lines 387--392
[][]$\OT1/cmr/m/n/10 https : / / doi . org / 10 . 3390 / su141912079$[][], URL 
[][]$https : / / www . scopus . com / inward /
 []


Underfull \hbox (badness 10000) in paragraph at lines 387--392
\OT1/cmr/m/n/10 record . uri ? eid = 2-[]s2 . 0-[]85139989185 & doi = 10 . 3390
 % 2Fsu141912079 & partnerID =
 []


Underfull \hbox (badness 2689) in paragraph at lines 414--420
[]\OT1/cmr/m/n/10 Faham E, Rez-van-far A, Mova-hed Mo-ham-madi S, et al (2017) 
Us-ing sys-
 []


Underfull \hbox (badness 1867) in paragraph at lines 414--420
\OT1/cmr/m/n/10 tem dy-nam-ics to de-velop ed-u-ca-tion for sus-tain-able de-ve
l-op-ment in higher
 []


Underfull \hbox (badness 4072) in paragraph at lines 414--420
\OT1/cmr/m/n/10 ed-u-ca-tion with the em-pha-sis on the sus-tain-abil-ity com-p
e-ten-cies of stu-
 []


Underfull \hbox (badness 7221) in paragraph at lines 414--420
\OT1/cmr/m/n/10 dents. Tech-no-log-i-cal Fore-cast-ing and So-cial Change 123:3
07--326. [][]$https :
 []


Underfull \hbox (badness 10000) in paragraph at lines 414--420
\OT1/cmr/m/n/10 record . uri ? eid = 2-[]s2 . 0-[]85031741882 & doi = 10 . 1016
 % 2Fj . techfore . 2016 . 03 . 023 &
 []


Underfull \hbox (badness 2932) in paragraph at lines 422--426
\OT1/cmr/m/n/10 / / doi . org / 10 . 1108 / IJSHE-[]12-[]2019-[]0353$[][], URL 
[][]$https : / / www . scopus . com / inward /
 []


Underfull \hbox (badness 10000) in paragraph at lines 422--426
\OT1/cmr/m/n/10 record . uri ? eid = 2-[]s2 . 0-[]85086232235 & doi = 10 . 1108
 % 2FIJSHE-[]12-[]2019-[]0353 &
 []


Underfull \hbox (badness 10000) in paragraph at lines 441--446
\OT1/cmr/m/n/10 / / www . scopus . com / inward / record . uri ? eid = 2-[]s2 .
 0-[]84921029705 & doi = 10 . 1108 %
 []




Underfull \vbox (badness 10000) has occurred while \output is active []

 [33]
Underfull \hbox (badness 2269) in paragraph at lines 449--454
\OT1/cmr/m/n/10 of In-te-gra-tive En-vi-ron-men-tal Sci-ences 14(1):93--108. []
[]$https : / / doi . org / 10 . 1080 /
 []


Underfull \hbox (badness 5345) in paragraph at lines 449--454
\OT1/cmr/m/n/10 1943815X . 2017 . 1362007$[][], URL [][]$https : / / www . scop
us . com / inward / record . uri ? eid =
 []


Underfull \hbox (badness 10000) in paragraph at lines 449--454
\OT1/cmr/m/n/10 2-[]s2 . 0-[]85048797403 & doi = 10 . 1080 % 2F1943815X . 2017 
. 1362007 & partnerID = 40 &
 []


Underfull \hbox (badness 4217) in paragraph at lines 457--461
[]\OT1/cmr/m/n/10 Filho W, Eu-sta-chio J, Cal-dana A, et al (2020) Sus-tain-abi
l-ity lead-er-ship
 []


Underfull \hbox (badness 4686) in paragraph at lines 457--461
\OT1/cmr/m/n/10 in higher ed-u-ca-tion in-sti-tu-tions: An overview of chal-len
ges. Sus-tain-abil-
 []


Underfull \hbox (badness 10000) in paragraph at lines 457--461
\OT1/cmr/m/n/10 ity (Switzer-land) 12(9). [][]$https : / / doi . org / 10 . 339
0 / su12093761$[][], URL [][]$https :
 []


Underfull \hbox (badness 10000) in paragraph at lines 457--461
\OT1/cmr/m/n/10 / / www . scopus . com / inward / record . uri ? eid = 2-[]s2 .
 0-[]85084822796 & doi = 10 . 3390 %
 []


Underfull \hbox (badness 2707) in paragraph at lines 480--485
[]\OT1/cmr/m/n/10 Fuertes Ca-ma-cho M, Graell-Mart^^S^^Pn M, Fuentes-Loss M, et
 al (2019) In-te-
 []


Underfull \hbox (badness 3058) in paragraph at lines 480--485
\OT1/cmr/m/n/10 grat-ing sus-tain-abil-ity into higher ed-u-ca-tion cur-ric-ula
 through the project
 []


Underfull \hbox (badness 10000) in paragraph at lines 480--485
\OT1/cmr/m/n/10 method, a global learn-ing strat-egy. Sus-tain-abil-ity (Switze
r-land) 11(3).
 []


Underfull \hbox (badness 10000) in paragraph at lines 480--485
[][]$\OT1/cmr/m/n/10 https : / / doi . org / 10 . 3390 / su11030767$[][], URL [
][]$https : / / www . scopus . com / inward /
 []


Underfull \hbox (badness 10000) in paragraph at lines 480--485
\OT1/cmr/m/n/10 record . uri ? eid = 2-[]s2 . 0-[]85061013353 & doi = 10 . 3390
 % 2Fsu11030767 & partnerID = 40 &
 []


Underfull \hbox (badness 1237) in paragraph at lines 488--493
[]\OT1/cmr/m/n/10 Garcia-Hernandez Y, Mart^^S^^Pnez Garc^^S^^Pa M, Amador Mart^
^S^^Pnez M (2025) Struc-
 []


Underfull \hbox (badness 1178) in paragraph at lines 488--493
\OT1/cmr/m/n/10 tural Equation Model for As-sess-ing Re-la-tion-ship Be-tween G
reen Skills and
 []


Underfull \hbox (badness 5147) in paragraph at lines 488--493
\OT1/cmr/m/n/10 Sus-tain-able En-trepreneurial In-ten-tions. Sus-tain-abil-ity 
(Switzer-land) 17(20).
 []


Underfull \hbox (badness 10000) in paragraph at lines 488--493
[][]$\OT1/cmr/m/n/10 https : / / doi . org / 10 . 3390 / su17209306$[][], URL [
][]$https : / / www . scopus . com / inward /
 []


Underfull \hbox (badness 10000) in paragraph at lines 488--493
\OT1/cmr/m/n/10 record . uri ? eid = 2-[]s2 . 0-[]105020197340 & doi = 10 . 339
0 % 2Fsu17209306 & partnerID =
 []


Underfull \hbox (badness 10000) in paragraph at lines 496--501
[][]$\OT1/cmr/m/n/10 https : / / doi . org / 10 . 3390 / su11164412$[][], URL [
][]$https : / / www . scopus . com / inward /
 []


Underfull \hbox (badness 10000) in paragraph at lines 496--501
\OT1/cmr/m/n/10 record . uri ? eid = 2-[]s2 . 0-[]85070784779 & doi = 10 . 3390
 % 2Fsu11164412 & partnerID = 40 &
 []




Underfull \vbox (badness 10000) has occurred while \output is active []

 [34]
Underfull \hbox (badness 1052) in paragraph at lines 510--514
\OT1/cmr/m/n/10 of Teacher Ed-u-ca-tion for Sus-tain-abil-ity 11(1):18--30. [][
]$https : / / doi . org / 10 . 2478 /
 []




Underfull \vbox (badness 10000) has occurred while \output is active []

 [35]
Underfull \hbox (badness 2951) in paragraph at lines 590--594
[]\OT1/cmr/m/n/10 Kessler MM (1963) Bib-li-o-graphic cou-pling be-tween sci-en-
tific pa-pers. Amer-
 []


Underfull \hbox (badness 10000) in paragraph at lines 590--594
\OT1/cmr/m/n/10 i-can Doc-u-men-ta-tion 14(1):10--25. [][]$https : / / doi . or
g / 10 . 1002 / asi . 5090140103$[][],
 []


Underfull \hbox (badness 10000) in paragraph at lines 590--594
\OT1/cmr/m/n/10 URL [][]$https : / / onlinelibrary . wiley . com / doi / abs / 
10 . 1002 / asi . 5090140103$[][], []eprint:
 []




Underfull \vbox (badness 10000) has occurred while \output is active []

 [36]


Underfull \vbox (badness 10000) has occurred while \output is active []

 [37]
Underfull \hbox (badness 3049) in paragraph at lines 719--724
[][]\OT1/cmr/m/n/10 Alvarez Ni-eto C, Richard-son J, Parra G, et al (2018) De-v
el-op-ing dig-i-tal
 []


Underfull \hbox (badness 1281) in paragraph at lines 719--724
\OT1/cmr/m/n/10 ed-u-ca-tional ma-te-ri-als for nurs-ing and sus-tain-abil-ity:
 The re-sults of an ob-
 []


Underfull \hbox (badness 5446) in paragraph at lines 719--724
\OT1/cmr/m/n/10 ser-va-tional study. Nurse Ed-u-ca-tion To-day 60:139--146. [][
]$https : / / doi . org / 10 .
 []


Underfull \hbox (badness 4660) in paragraph at lines 719--724
\OT1/cmr/m/n/10 1016 / j . nedt . 2017 . 10 . 008$[][], URL [][]$https : / / ww
w . scopus . com / inward / record . uri ? eid =
 []


Underfull \hbox (badness 10000) in paragraph at lines 719--724
\OT1/cmr/m/n/10 2-[]s2 . 0-[]85032935713 & doi = 10 . 1016 % 2Fj . nedt . 2017 
. 10 . 008 & partnerID = 40 & md5 =
 []




Underfull \vbox (badness 10000) has occurred while \output is active []

 [38]


Underfull \vbox (badness 10000) has occurred while \output is active []

 [39]
Underfull \hbox (badness 10000) in paragraph at lines 876--881
\OT1/cmr/m/n/10 IJSHE-[]03-[]2023-[]0073$[][], URL [][]$https : / / www . scopu
s . com / inward / record . uri ? eid =
 []


Underfull \hbox (badness 10000) in paragraph at lines 876--881
\OT1/cmr/m/n/10 2-[]s2 . 0-[]85196108300 & doi = 10 . 1108 % 2FIJSHE-[]03-[]202
3-[]0073 & partnerID = 40 & md5 =
 []




Underfull \vbox (badness 10000) has occurred while \output is active []

 [40]
Underfull \hbox (badness 10000) in paragraph at lines 909--916
\OT1/cmr/m/n/10 / / www . scopus . com / inward / record . uri ? eid = 2-[]s2 .
 0-[]85145138063 & doi = 10 . 4324 %
 []


Underfull \hbox (badness 10000) in paragraph at lines 909--916
\OT1/cmr/m/n/10 2F9781315852249-[]20 & partnerID = 40 & md5 = b531e56a08c96604c
da44976ac7fb339$[][],
 []

)


Underfull \vbox (badness 10000) has occurred while \output is active []

 [41]
(./sn-article.aux)
 ***********
LaTeX2e <2024-11-01> patch level 2
L3 programming layer <2025-01-18>
 ***********


LaTeX Font Warning: Size substitutions with differences
(Font)              up to 0.985pt have occurred.

Package rerunfilecheck Info: File `sn-article.out' has not changed.
(rerunfilecheck)             Checksum: 330667345E78F28DBB95AC1B4BA7804D;6993.
 ) 
Here is how much of TeX's memory you used:
 16354 strings out of 473190
 262398 string characters out of 5719980
 690095 words of memory out of 5000000
 39116 multiletter control sequences out of 15000+600000
 588855 words of font info for 151 fonts, out of 8000000 for 9000
 1151 hyphenation exceptions out of 8191
 90i,16n,93p,2079b,869s stack positions out of 10000i,1000n,20000p,200000b,200000s
<c:/texlive/2025/texmf-dist/fonts/type1/public/amsfonts/cm/cmbx10.pfb><c:/tex
live/2025/texmf-dist/fonts/type1/public/amsfonts/cm/cmbx12.pfb><c:/texlive/2025
/texmf-dist/fonts/type1/public/amsfonts/cm/cmbx8.pfb><c:/texlive/2025/texmf-dis
t/fonts/type1/public/amsfonts/cm/cmbx9.pfb><c:/texlive/2025/texmf-dist/fonts/ty
pe1/public/amsfonts/cm/cmmi10.pfb><c:/texlive/2025/texmf-dist/fonts/type1/publi
c/amsfonts/cm/cmmi8.pfb><c:/texlive/2025/texmf-dist/fonts/type1/public/amsfonts
/cm/cmmib10.pfb><c:/texlive/2025/texmf-dist/fonts/type1/public/amsfonts/cm/cmr1
0.pfb><c:/texlive/2025/texmf-dist/fonts/type1/public/amsfonts/cm/cmr12.pfb><c:/
texlive/2025/texmf-dist/fonts/type1/public/amsfonts/cm/cmr17.pfb><c:/texlive/20
25/texmf-dist/fonts/type1/public/amsfonts/cm/cmr5.pfb><c:/texlive/2025/texmf-di
st/fonts/type1/public/amsfonts/cm/cmr7.pfb><c:/texlive/2025/texmf-dist/fonts/ty
pe1/public/amsfonts/cm/cmr8.pfb><c:/texlive/2025/texmf-dist/fonts/type1/public/
amsfonts/cm/cmr9.pfb><c:/texlive/2025/texmf-dist/fonts/type1/public/amsfonts/cm
/cmsy10.pfb><c:/texlive/2025/texmf-dist/fonts/type1/public/amsfonts/cm/cmsy8.pf
b><c:/texlive/2025/texmf-dist/fonts/type1/public/amsfonts/cm/cmti10.pfb><c:/tex
live/2025/texmf-dist/fonts/type1/public/amsfonts/cm/cmti8.pfb><c:/texlive/2025/
texmf-dist/fonts/type1/public/cm-super/sfrm1000.pfb>
Output written on sn-article.pdf (41 pages, 2889915 bytes).
PDF statistics:
 1251 PDF objects out of 1440 (max. 8388607)
 1142 compressed objects within 12 object streams
 227 named destinations out of 1000 (max. 500000)
 249 words of extra memory for PDF output out of 10000 (max. 10000000)

